******************************************************************************
                  TI ARM Linker Unix v20.2.7                   
******************************************************************************
>> Linked Thu Feb  1 11:26:40 2024

OUTPUT FILE NAME:   <Cart_Lib.out>
ENTRY POINT SYMBOL: "_c_int00_noargs"  address: 000014bd


MEMORY CONFIGURATION

         name            origin    length      used     unused   attr    fill
----------------------  --------  ---------  --------  --------  ----  --------
  MAIN                  00000000   00040000  0000188c  0003e774  R  X
  INFO                  00200000   00004000  00000000  00004000  R  X
  SRAM_CODE             01000000   00010000  00000482  0000fb7e  RW X
  SRAM_DATA             20000000   00010000  00000482  0000fb7e  RW  


SEGMENT ALLOCATION MAP

run origin  load origin   length   init length attrs members
----------  ----------- ---------- ----------- ----- -------
00000000    00000000    00001890   00001890    r-x
  00000000    00000000    000000e4   000000e4    r-- .intvecs
  000000e4    000000e4    0000159c   0000159c    r-x .text
  00001680    00001680    000001bc   000001bc    r-- .const
  00001840    00001840    00000050   00000050    r-- .cinit
20000000    20000000    00000284   00000000    rw-
  20000000    20000000    0000024a   00000000    rw- .bss
  2000024c    2000024c    00000038   00000000    rw- .data
2000fe00    2000fe00    00000200   00000000    rw-
  2000fe00    2000fe00    00000200   00000000    rw- .stack


SECTION ALLOCATION MAP

 output                                  attributes/
section   page    origin      length       input sections
--------  ----  ----------  ----------   ----------------
.intvecs   0    00000000    000000e4     
                  00000000    000000e4     startup_msp432p401r_ccs.obj (.intvecs:retain)

.text      0    000000e4    0000159c     
                  000000e4    00000380     stepper.obj (.text)
                  00000464    00000334     system_msp432p401r.obj (.text)
                  00000798    000002e0     main.obj (.text)
                  00000a78    000001ac     claw_machine.obj (.text)
                  00000c24    00000144     msp432p4xx_driverlib.lib : timer_a.o (.text:privateTimer_AProcessClockSourceDivider)
                  00000d68    00000130                              : cs.o (.text:CS_initClockSignal)
                  00000e98    00000130     servo.obj (.text)
                  00000fc8    000000e8     cart.obj (.text)
                  000010b0    0000009c     rtsv7M4_T_le_v4SPD16_eabi.lib : memcpy_t2.asm.obj (.text)
                  0000114c    00000088     msp432p4xx_driverlib.lib : gpio.o (.text:GPIO_setAsPeripheralModuleFunctionOutputPin)
                  000011d4    00000080                              : interrupt.o (.text:Interrupt_enableInterrupt)
                  00001254    00000068                              : timer_a.o (.text:Timer_A_configureUpMode)
                  000012bc    00000068     rtsv7M4_T_le_v4SPD16_eabi.lib : copy_decompress_lzss.c.obj (.text:decompress:lzss:__TI_decompress_lzss)
                  00001324    00000050                                   : fs_toull_t2.asm.obj (.text)
                  00001374    0000004e     msp432p4xx_driverlib.lib : timer_a.o (.text:Timer_A_initCompare)
                  000013c2    00000002     --HOLE-- [fill = 0]
                  000013c4    00000044     rtsv7M4_T_le_v4SPD16_eabi.lib : autoinit.c.obj (.text:__TI_auto_init_nobinit_nopinit:__TI_auto_init_nobinit_nopinit)
                  00001408    00000040     msp432p4xx_driverlib.lib : gpio.o (.text:GPIO_setAsOutputPin)
                  00001448    0000003e     global.obj (.text)
                  00001486    00000002     --HOLE-- [fill = 0]
                  00001488    00000034     msp432p4xx_driverlib.lib : timer_a.o (.text:Timer_A_configureContinuousMode)
                  000014bc    00000034     rtsv7M4_T_le_v4SPD16_eabi.lib : boot_cortex_m.c.obj (.text:_c_int00_noargs:_c_int00_noargs)
                  000014f0    00000030     msp432p4xx_driverlib.lib : cs.o (.text:CS_setReferenceOscillatorFrequency)
                  00001520    0000002c                              : timer_a.o (.text:Timer_A_clearCaptureCompareInterrupt)
                  0000154c    00000028                              : gpio.o (.text:GPIO_setOutputHighOnPin)
                  00001574    00000028                              : gpio.o (.text:GPIO_setOutputLowOnPin)
                  0000159c    00000028                              : gpio.o (.text:GPIO_toggleOutputOnPin)
                  000015c4    00000024                              : wdt_a.o (.text:WDT_A_holdTimer)
                  000015e8    0000001c     rtsv7M4_T_le_v4SPD16_eabi.lib : copy_zero_init.c.obj (.text:decompress:ZI:__TI_zero_init_nomemset:__TI_zero_init_nomemset)
                  00001604    00000016     msp432p4xx_driverlib.lib : timer_a.o (.text:Timer_A_clearInterruptFlag)
                  0000161a    00000016                              : timer_a.o (.text:Timer_A_startCounter)
                  00001630    00000010                              : interrupt.o (.text:Interrupt_enableMaster)
                  00001640    00000010                              : interrupt.o (.text:Interrupt_enableSleepOnIsrExit)
                  00001650    0000000e     rtsv7M4_T_le_v4SPD16_eabi.lib : copy_decompress_none.c.obj (.text:decompress:none:__TI_decompress_none)
                  0000165e    0000000e     startup_msp432p401r_ccs.obj (.text)
                  0000166c    0000000c     msp432p4xx_driverlib.lib : cpu.o (.text:CPU_cpsie)
                  00001678    00000004     rtsv7M4_T_le_v4SPD16_eabi.lib : pre_init.c.obj (.text:_system_pre_init)
                  0000167c    00000004                                   : exit.c.obj (.text:abort:abort)

.const     0    00001680    000001bc     
                  00001680    00000098     cart.obj (.const:$P$T1$1)
                  00001718    00000048     stepper.obj (.const:$P$T21$11)
                  00001760    00000030     msp432p4xx_driverlib.lib : gpio.o (.const:GPIO_PORT_TO_BASE)
                  00001790    00000020     servo.obj (.const:$P$T0$1)
                  000017b0    00000018     stepper.obj (.const:timerConfig)
                  000017c8    0000000c     claw_machine.obj (.const:$P$T4$2)
                  000017d4    0000000c     claw_machine.obj (.const:$P$T7$3)
                  000017e0    0000000c     claw_machine.obj (.const:$P$T8$4)
                  000017ec    00000008     main.obj (.const:$P$T0$1)
                  000017f4    00000008     main.obj (.const:$P$T1$2)
                  000017fc    00000008     main.obj (.const:$P$T2$3)
                  00001804    00000008     main.obj (.const:$P$T3$4)
                  0000180c    00000008     msp432p4xx_driverlib.lib : interrupt.o (.const:g_pulEnRegs)
                  00001814    00000005     stepper.obj (.const:$P$T16$7)
                  00001819    00000005     stepper.obj (.const:$P$T17$8)
                  0000181e    00000005     stepper.obj (.const:$P$T18$9)
                  00001823    00000005     stepper.obj (.const:$P$T19$10)
                  00001828    00000005     stepper.obj (.const:$P$T6$2)
                  0000182d    00000005     stepper.obj (.const:$P$T7$3)
                  00001832    00000005     stepper.obj (.const:$P$T8$4)
                  00001837    00000005     stepper.obj (.const:$P$T9$5)

.cinit     0    00001840    00000050     
                  00001840    00000029     (.cinit..data.load) [load image, compression = lzss]
                  00001869    00000003     --HOLE-- [fill = 0]
                  0000186c    0000000c     (__TI_handler_table)
                  00001878    00000008     (.cinit..bss.load) [load image, compression = zero_init]
                  00001880    00000010     (__TI_cinit_table)

.init_array 
*          0    00000000    00000000     UNINITIALIZED

.binit     0    00000000    00000000     

.bss       0    20000000    0000024a     UNINITIALIZED
                  20000000    000001a8     (.common:clawMachine)
                  200001a8    00000098     (.common:cart_a)
                  20000240    00000005     stepper.obj (.bss:$P$T0$1)
                  20000245    00000005     stepper.obj (.bss:$P$T10$6)

.data      0    2000024c    00000038     UNINITIALIZED
                  2000024c    00000018     config.obj (.data:servoTimerPWMConfig)
                  20000264    00000010     config.obj (.data:mainLoopTimerConfig)
                  20000274    0000000c     main.obj (.data)
                  20000280    00000004     system_msp432p401r.obj (.data)

.stack     0    2000fe00    00000200     UNINITIALIZED
                  2000fe00    00000004     rtsv7M4_T_le_v4SPD16_eabi.lib : boot_cortex_m.c.obj (.stack)
                  2000fe04    000001fc     --HOLE--

__llvm_prf_cnts 
*          0    20000000    00000000     UNINITIALIZED

MODULE SUMMARY

       Module                        code   ro data   rw data
       ------                        ----   -------   -------
    ./
       main.obj                      736    32        1176   
       stepper.obj                   896    136       20     
       system_msp432p401r.obj        820    0         8      
       claw_machine.obj              428    36        0      
       cart.obj                      232    152       0      
       servo.obj                     304    32        0      
       startup_msp432p401r_ccs.obj   14     228       0      
       config.obj                    0      0         80     
       global.obj                    62     0         0      
    +--+-----------------------------+------+---------+---------+
       Total:                        3492   616       1284   
                                                             
    /Applications/ti/ccs1240/ccs/tools/compiler/ti-cgt-arm_20.2.7.LTS/lib/rtsv7M4_T_le_v4SPD16_eabi.lib
       memcpy_t2.asm.obj             156    0         0      
       copy_decompress_lzss.c.obj    104    0         0      
       fs_toull_t2.asm.obj           80     0         0      
       autoinit.c.obj                68     0         0      
       boot_cortex_m.c.obj           52     0         0      
       copy_zero_init.c.obj          28     0         0      
       copy_decompress_none.c.obj    14     0         0      
       exit.c.obj                    4      0         0      
       pre_init.c.obj                4      0         0      
    +--+-----------------------------+------+---------+---------+
       Total:                        510    0         0      
                                                             
    /Users/lucapodavini/Library/CloudStorage/GoogleDrive-luca.podavini@studenti.unitn.it/My Drive/UNI/Embedded Software for the Internet of Things/Exercises/simplelink_msp432p4_sdk_3_40_01_02/source/ti/devices/msp432p4xx/driverlib/ccs/msp432p4xx_driverlib.lib
       timer_a.o                     646    0         0      
       gpio.o                        320    48        0      
       cs.o                          352    0         0      
       interrupt.o                   160    8         0      
       wdt_a.o                       36     0         0      
       cpu.o                         12     0         0      
    +--+-----------------------------+------+---------+---------+
       Total:                        1526   56        0      
                                                             
       Stack:                        0      0         1024   
       Linker Generated:             0      77        0      
    +--+-----------------------------+------+---------+---------+
       Grand Total:                  5528   749       2308   


LINKER GENERATED COPY TABLES

__TI_cinit_table @ 00001880 records: 2, size/record: 8, table size: 16
	.data: load addr=00001840, load size=00000029 bytes, run addr=2000024c, run size=00000038 bytes, compression=lzss
	.bss: load addr=00001878, load size=00000008 bytes, run addr=20000000, run size=0000024a bytes, compression=zero_init


LINKER GENERATED HANDLER TABLE

__TI_handler_table @ 0000186c records: 3, size/record: 4, table size: 12
	index: 0, handler: __TI_decompress_lzss
	index: 1, handler: __TI_decompress_none
	index: 2, handler: __TI_zero_init


GLOBAL SYMBOLS: SORTED ALPHABETICALLY BY Name 

address   name                                       
-------   ----                                       
0000166b  ADC14_IRQHandler                           
0000166b  AES256_IRQHandler                          
0000166b  BusFault_Handler                           
0000167d  C$$EXIT                                    
0000166b  COMP_E0_IRQHandler                         
0000166b  COMP_E1_IRQHandler                         
0000166d  CPU_cpsie                                  
0000166b  CS_IRQHandler                              
00000d69  CS_initClockSignal                         
000014f1  CS_setReferenceOscillatorFrequency         
00000fc9  Cart_INIT                                  
00001061  Cart_goTo                                  
00001009  Cart_setSpeed_Percentage                   
0000102d  Cart_tryMove                               
00000a79  Claw_INIT                                  
00000b95  Claw_getCurrentPosition                    
00000b33  Claw_setManualMode                         
00000ad7  Claw_setTargetMode                         
00000bb7  Claw_tryMove                               
0000166b  DMA_ERR_IRQHandler                         
0000166b  DMA_INT0_IRQHandler                        
0000166b  DMA_INT1_IRQHandler                        
0000166b  DMA_INT2_IRQHandler                        
0000166b  DMA_INT3_IRQHandler                        
0000166b  DebugMon_Handler                           
0000166b  Default_Handler                            
0000166b  EUSCIA0_IRQHandler                         
0000166b  EUSCIA1_IRQHandler                         
0000166b  EUSCIA2_IRQHandler                         
0000166b  EUSCIA3_IRQHandler                         
0000166b  EUSCIB0_IRQHandler                         
0000166b  EUSCIB1_IRQHandler                         
0000166b  EUSCIB2_IRQHandler                         
0000166b  EUSCIB3_IRQHandler                         
0000166b  FLCTL_IRQHandler                           
0000166b  FPU_IRQHandler                             
00001409  GPIO_setAsOutputPin                        
0000114d  GPIO_setAsPeripheralModuleFunctionOutputPin
0000154d  GPIO_setOutputHighOnPin                    
00001575  GPIO_setOutputLowOnPin                     
00001449  GPIO_setOutputOnPin                        
0000159d  GPIO_toggleOutputOnPin                     
0000166b  HardFault_Handler                          
000011d5  Interrupt_enableInterrupt                  
00001631  Interrupt_enableMaster                     
00001641  Interrupt_enableSleepOnIsrExit             
0000166b  MemManage_Handler                          
0000166b  NMI_Handler                                
0000166b  PCM_IRQHandler                             
0000166b  PORT1_IRQHandler                           
0000166b  PORT2_IRQHandler                           
0000166b  PORT3_IRQHandler                           
0000166b  PORT4_IRQHandler                           
0000166b  PORT5_IRQHandler                           
0000166b  PORT6_IRQHandler                           
0000166b  PSS_IRQHandler                             
0000166b  PendSV_Handler                             
0000166b  RTC_C_IRQHandler                           
0000165f  Reset_Handler                              
0000166b  SVC_Handler                                
00000e99  Servo_INIT                                 
00000ee1  Servo_setSpeed                             
00000f53  Servo_tryMove                              
000001e9  Stepper_INIT                               
000002ab  Stepper_setSpeed_Percentage                
0000024f  Stepper_setSpeed_RPM                       
00000321  Stepper_shouldMoveAfterIncrement           
00000385  Stepper_tryMove                            
0000166b  SysTick_Handler                            
20000280  SystemCoreClock                            
00000465  SystemCoreClockUpdate                      
000006dd  SystemInit                                 
0000166b  T32_INT1_IRQHandler                        
0000166b  T32_INT2_IRQHandler                        
0000166b  T32_INTC_IRQHandler                        
0000166b  TA0_0_IRQHandler                           
00000949  TA0_N_IRQHandler                           
00000949  TA0_N_IRQHandler                           
00000937  TA1_0_IRQHandler                           
00000937  TA1_0_IRQHandler                           
0000166b  TA1_N_IRQHandler                           
0000166b  TA2_0_IRQHandler                           
0000166b  TA2_N_IRQHandler                           
0000166b  TA3_0_IRQHandler                           
0000166b  TA3_N_IRQHandler                           
00001521  Timer_A_clearCaptureCompareInterrupt       
00001605  Timer_A_clearInterruptFlag                 
00001489  Timer_A_configureContinuousMode            
00001255  Timer_A_configureUpMode                    
00001375  Timer_A_initCompare                        
0000161b  Timer_A_startCounter                       
0000166b  UsageFault_Handler                         
4000480c  WDTCTL_SYM                                 
0000166b  WDT_A_IRQHandler                           
000015c5  WDT_A_holdTimer                            
20010000  __STACK_END                                
00000200  __STACK_SIZE                               
00001880  __TI_CINIT_Base                            
00001890  __TI_CINIT_Limit                           
0000186c  __TI_Handler_Table_Base                    
00001878  __TI_Handler_Table_Limit                   
000013c5  __TI_auto_init_nobinit_nopinit             
000012bd  __TI_decompress_lzss                       
00001651  __TI_decompress_none                       
ffffffff  __TI_pprof_out_hndl                        
ffffffff  __TI_prof_data_size                        
ffffffff  __TI_prof_data_start                       
00000000  __TI_static_base__                         
000015e9  __TI_zero_init_nomemset                    
00001325  __aeabi_f2ulz                              
000010b1  __aeabi_memcpy                             
000010b1  __aeabi_memcpy4                            
000010b1  __aeabi_memcpy8                            
ffffffff  __binit__                                  
ffffffff  __c_args__                                 
UNDEFED   __mpu_init                                 
2000fe00  __stack                                    
20000000  __start___llvm_prf_cnts                    
20000000  __stop___llvm_prf_cnts                     
000014bd  _c_int00_noargs                            
000000e5  _step                                      
UNDEFED   _system_post_cinit                         
00001679  _system_pre_init                           
0000167d  abort                                      
ffffffff  binit                                      
200001a8  cart_a                                     
20000000  clawMachine                                
000007c5  configureMainLoopTimer_ContinuoiusMode     
000007a7  configureMotorsTimer_UpMode                
2000027c  counter                                    
20000274  direction                                  
20000278  direction_b                                
000007f7  init                                       
00000000  interruptVectors                           
00000799  main                                       
20000264  mainLoopTimerConfig                        
000010b1  memcpy                                     
2000024c  servoTimerPWMConfig                        
00000167  step                                       
000017b0  timerConfig                                


GLOBAL SYMBOLS: SORTED BY Symbol Address 

address   name                                       
-------   ----                                       
00000000  __TI_static_base__                         
00000000  interruptVectors                           
000000e5  _step                                      
00000167  step                                       
000001e9  Stepper_INIT                               
00000200  __STACK_SIZE                               
0000024f  Stepper_setSpeed_RPM                       
000002ab  Stepper_setSpeed_Percentage                
00000321  Stepper_shouldMoveAfterIncrement           
00000385  Stepper_tryMove                            
00000465  SystemCoreClockUpdate                      
000006dd  SystemInit                                 
00000799  main                                       
000007a7  configureMotorsTimer_UpMode                
000007c5  configureMainLoopTimer_ContinuoiusMode     
000007f7  init                                       
00000937  TA1_0_IRQHandler                           
00000937  TA1_0_IRQHandler                           
00000949  TA0_N_IRQHandler                           
00000949  TA0_N_IRQHandler                           
00000a79  Claw_INIT                                  
00000ad7  Claw_setTargetMode                         
00000b33  Claw_setManualMode                         
00000b95  Claw_getCurrentPosition                    
00000bb7  Claw_tryMove                               
00000d69  CS_initClockSignal                         
00000e99  Servo_INIT                                 
00000ee1  Servo_setSpeed                             
00000f53  Servo_tryMove                              
00000fc9  Cart_INIT                                  
00001009  Cart_setSpeed_Percentage                   
0000102d  Cart_tryMove                               
00001061  Cart_goTo                                  
000010b1  __aeabi_memcpy                             
000010b1  __aeabi_memcpy4                            
000010b1  __aeabi_memcpy8                            
000010b1  memcpy                                     
0000114d  GPIO_setAsPeripheralModuleFunctionOutputPin
000011d5  Interrupt_enableInterrupt                  
00001255  Timer_A_configureUpMode                    
000012bd  __TI_decompress_lzss                       
00001325  __aeabi_f2ulz                              
00001375  Timer_A_initCompare                        
000013c5  __TI_auto_init_nobinit_nopinit             
00001409  GPIO_setAsOutputPin                        
00001449  GPIO_setOutputOnPin                        
00001489  Timer_A_configureContinuousMode            
000014bd  _c_int00_noargs                            
000014f1  CS_setReferenceOscillatorFrequency         
00001521  Timer_A_clearCaptureCompareInterrupt       
0000154d  GPIO_setOutputHighOnPin                    
00001575  GPIO_setOutputLowOnPin                     
0000159d  GPIO_toggleOutputOnPin                     
000015c5  WDT_A_holdTimer                            
000015e9  __TI_zero_init_nomemset                    
00001605  Timer_A_clearInterruptFlag                 
0000161b  Timer_A_startCounter                       
00001631  Interrupt_enableMaster                     
00001641  Interrupt_enableSleepOnIsrExit             
00001651  __TI_decompress_none                       
0000165f  Reset_Handler                              
0000166b  ADC14_IRQHandler                           
0000166b  AES256_IRQHandler                          
0000166b  BusFault_Handler                           
0000166b  COMP_E0_IRQHandler                         
0000166b  COMP_E1_IRQHandler                         
0000166b  CS_IRQHandler                              
0000166b  DMA_ERR_IRQHandler                         
0000166b  DMA_INT0_IRQHandler                        
0000166b  DMA_INT1_IRQHandler                        
0000166b  DMA_INT2_IRQHandler                        
0000166b  DMA_INT3_IRQHandler                        
0000166b  DebugMon_Handler                           
0000166b  Default_Handler                            
0000166b  EUSCIA0_IRQHandler                         
0000166b  EUSCIA1_IRQHandler                         
0000166b  EUSCIA2_IRQHandler                         
0000166b  EUSCIA3_IRQHandler                         
0000166b  EUSCIB0_IRQHandler                         
0000166b  EUSCIB1_IRQHandler                         
0000166b  EUSCIB2_IRQHandler                         
0000166b  EUSCIB3_IRQHandler                         
0000166b  FLCTL_IRQHandler                           
0000166b  FPU_IRQHandler                             
0000166b  HardFault_Handler                          
0000166b  MemManage_Handler                          
0000166b  NMI_Handler                                
0000166b  PCM_IRQHandler                             
0000166b  PORT1_IRQHandler                           
0000166b  PORT2_IRQHandler                           
0000166b  PORT3_IRQHandler                           
0000166b  PORT4_IRQHandler                           
0000166b  PORT5_IRQHandler                           
0000166b  PORT6_IRQHandler                           
0000166b  PSS_IRQHandler                             
0000166b  PendSV_Handler                             
0000166b  RTC_C_IRQHandler                           
0000166b  SVC_Handler                                
0000166b  SysTick_Handler                            
0000166b  T32_INT1_IRQHandler                        
0000166b  T32_INT2_IRQHandler                        
0000166b  T32_INTC_IRQHandler                        
0000166b  TA0_0_IRQHandler                           
0000166b  TA1_N_IRQHandler                           
0000166b  TA2_0_IRQHandler                           
0000166b  TA2_N_IRQHandler                           
0000166b  TA3_0_IRQHandler                           
0000166b  TA3_N_IRQHandler                           
0000166b  UsageFault_Handler                         
0000166b  WDT_A_IRQHandler                           
0000166d  CPU_cpsie                                  
00001679  _system_pre_init                           
0000167d  C$$EXIT                                    
0000167d  abort                                      
000017b0  timerConfig                                
0000186c  __TI_Handler_Table_Base                    
00001878  __TI_Handler_Table_Limit                   
00001880  __TI_CINIT_Base                            
00001890  __TI_CINIT_Limit                           
20000000  __start___llvm_prf_cnts                    
20000000  __stop___llvm_prf_cnts                     
20000000  clawMachine                                
200001a8  cart_a                                     
2000024c  servoTimerPWMConfig                        
20000264  mainLoopTimerConfig                        
20000274  direction                                  
20000278  direction_b                                
2000027c  counter                                    
20000280  SystemCoreClock                            
2000fe00  __stack                                    
20010000  __STACK_END                                
4000480c  WDTCTL_SYM                                 
ffffffff  __TI_pprof_out_hndl                        
ffffffff  __TI_prof_data_size                        
ffffffff  __TI_prof_data_start                       
ffffffff  __binit__                                  
ffffffff  __c_args__                                 
ffffffff  binit                                      
UNDEFED   __mpu_init                                 
UNDEFED   _system_post_cinit                         

[140 symbols]
